../Core/Src/main.c:78:10:millis	8	static
../Core/Src/main.c:80:5:crsf_raw_to_us	16	static
../Core/Src/main.c:84:6:debug_printf	144	static
../Core/Src/main.c:106:6:parse_crsf	32	static
../Core/Src/main.c:133:6:set_pwm	4	static
../Core/Src/main.c:152:6:HAL_UART_RxCpltCallback	24	static
../Core/Src/main.c:202:5:main	48	static
../Core/Src/main.c:294:6:SystemClock_Config	72	static
../Core/Src/main.c:333:13:MX_SPI1_Init	8	static
../Core/Src/main.c:371:13:MX_TIM3_Init	64	static
../Core/Src/main.c:442:13:MX_TIM4_Init	64	static
../Core/Src/main.c:513:13:MX_USART1_UART_Init	8	static
../Core/Src/main.c:546:13:MX_USART2_UART_Init	8	static
../Core/Src/main.c:579:13:MX_USART3_Init	8	static
../Core/Src/main.c:613:13:MX_GPIO_Init	40	static
../Core/Src/main.c:649:6:Error_Handler	4	static,ignoring_inline_asm
